// Jest Snapshot v1, https://goo.gl/fbAQLP

exports[`renders with expected layout 1`] = `
<div>
  yowza!
</div>
`;
